// Jest Snapshot v1, https://goo.gl/fbAQLP

exports[`RightsSelector Component renders correctly 1`] = `
<table>
  <thead>
    <tr>
      <th />
      <th
        colSpan={4}
      >
        Actions
      </th>
    </tr>
    <tr>
      <th>
        Resources
      </th>
      <th>
        Create
      </th>
      <th>
        Read
      </th>
      <th>
        Update
      </th>
      <th>
        Delete
      </th>
    </tr>
  </thead>
  <tbody>
    <tr>
      <th>
        Book
      </th>
      <td>
        <input
          onClick={[Function]}
          type="checkbox"
          value="create::book"
        />
      </td>
      <td>
        <input
          onClick={[Function]}
          type="checkbox"
          value="read::book"
        />
      </td>
      <td>
        <input
          onClick={[Function]}
          type="checkbox"
          value="update::book"
        />
      </td>
      <td>
        <input
          onClick={[Function]}
          type="checkbox"
          value="delete::book"
        />
      </td>
    </tr>
    <tr>
      <th>
        Author
      </th>
      <td>
        <input
          onClick={[Function]}
          type="checkbox"
          value="create::author"
        />
      </td>
      <td>
        <input
          onClick={[Function]}
          type="checkbox"
          value="read::author"
        />
      </td>
      <td>
        <input
          onClick={[Function]}
          type="checkbox"
          value="update::author"
        />
      </td>
      <td>
        <input
          onClick={[Function]}
          type="checkbox"
          value="delete::author"
        />
      </td>
    </tr>
  </tbody>
</table>
`;
