// Jest Snapshot v1, https://goo.gl/fbAQLP

exports[`RightsSelector Component renders correctly 1`] = `
<table
  className="rights-selector"
  style={Object {}}
>
  <thead
    className="rights-selector__header"
  >
    <tr
      className="rights-selector__row"
    >
      <th
        className="rights-selector__header-cell"
      />
      <th
        className="rights-selector__header-cell"
        colSpan={4}
      >
        Actions
      </th>
    </tr>
    <tr
      className="rights-selector__row"
    >
      <th
        className="rights-selector__header-cell"
      >
        Resources
      </th>
      <th
        className="rights-selector__header-cell rights-selector__header-cell--action"
      >
        Create
      </th>
      <th
        className="rights-selector__header-cell rights-selector__header-cell--action"
      >
        Read
      </th>
      <th
        className="rights-selector__header-cell rights-selector__header-cell--action"
      >
        Update
      </th>
      <th
        className="rights-selector__header-cell rights-selector__header-cell--action"
      >
        Delete
      </th>
    </tr>
  </thead>
  <tbody
    className="rights-selector__body"
  >
    <tr
      className="rights-selector__row"
    >
      <th
        className="rights-selector__header-cell rights-selector__header-cell--resource"
      >
        Book
      </th>
      <td
        className="rights-selector__cell"
      >
        <input
          checked={undefined}
          className="rights-selector__input"
          onClick={[Function]}
          type="checkbox"
          value="create::book"
        />
      </td>
      <td
        className="rights-selector__cell"
      >
        <input
          checked={undefined}
          className="rights-selector__input"
          onClick={[Function]}
          type="checkbox"
          value="read::book"
        />
      </td>
      <td
        className="rights-selector__cell"
      >
        <input
          checked={undefined}
          className="rights-selector__input"
          onClick={[Function]}
          type="checkbox"
          value="update::book"
        />
      </td>
      <td
        className="rights-selector__cell"
      >
        <input
          checked={undefined}
          className="rights-selector__input"
          onClick={[Function]}
          type="checkbox"
          value="delete::book"
        />
      </td>
    </tr>
    <tr
      className="rights-selector__row"
    >
      <th
        className="rights-selector__header-cell rights-selector__header-cell--resource"
      >
        Author
      </th>
      <td
        className="rights-selector__cell"
      >
        <input
          checked={undefined}
          className="rights-selector__input"
          onClick={[Function]}
          type="checkbox"
          value="create::author"
        />
      </td>
      <td
        className="rights-selector__cell"
      >
        <input
          checked={undefined}
          className="rights-selector__input"
          onClick={[Function]}
          type="checkbox"
          value="read::author"
        />
      </td>
      <td
        className="rights-selector__cell"
      >
        <input
          checked={undefined}
          className="rights-selector__input"
          onClick={[Function]}
          type="checkbox"
          value="update::author"
        />
      </td>
      <td
        className="rights-selector__cell"
      >
        <input
          checked={undefined}
          className="rights-selector__input"
          onClick={[Function]}
          type="checkbox"
          value="delete::author"
        />
      </td>
    </tr>
  </tbody>
</table>
`;
